[backblue.gif]
[fade.gif]
[index.html]
[localhost/francist/wp-content/themes/astra/assets/fonts/astra.woff]
[localhost/francist/feed/index.html]
[localhost/francist/comments/feed/index.html]
[localhost/francist/wp-includes/js/jquery/jqueryb8ff.js]
[localhost/francist/wp-includes/js/jquery/jquery-migrate.min330a.js]
[localhost/francist/xmlrpc0db0.php]
[localhost/francist/wp-json/index.html]
[localhost/francist/wp-includes/wlwmanifest.xml]
[localhost/francist/wp-json/oembed/1.0/embedf396.json]
[localhost/francist/wp-json/oembed/1.0/embedfe02]
[localhost/francist/wp-content/uploads/2018/09/20180919_121951-e1537349417186-225x300.jpg]
[localhost/francist/wp-content/themes/astra/assets/js/minified/style.min5b3c.js]
[localhost/francist/wp-content/plugins/sydney-toolbox/js/main5b5a.js]
[localhost/francist/wp-content/plugins/contact-form-7/includes/js/scripts5560.js]
[localhost/francist/wp-content/plugins/social-icons-widget-by-wpzoom/assets/js/social-icons-widget-frontenda4d5.js]
[localhost/francist/wp-includes/js/wp-embed.min5010.js]
[localhost/francist/wp-includes/js/jquery/ui/position.mine899.js]
[localhost/francist/wp-content/plugins/elementor/assets/lib/dialog/dialog.min268f.js]
[localhost/francist/wp-content/plugins/elementor/assets/lib/waypoints/waypoints.min05da.js]
[localhost/francist/wp-content/plugins/qazana/assets/lib/dialog/dialog.min2072.js]
[localhost/francist/wp-content/plugins/qazana/assets/lib/swiper/swiper.jquery.minccfb.js]
[localhost/francist/wp-content/plugins/elementor/assets/js/frontend.min3601.js]
[localhost/francist/index.html]
[localhost/francist/wp-content/themes/astra/assets/css/minified/style.min5b3c.css]
[localhost/francist/wp-content/plugins/contact-form-7/images/ajax-loader.gif]
[localhost/francist/wp-content/plugins/contact-form-7/includes/css/styles5560.css]
[localhost/francist/wp-content/themes/astra/assets/css/minified/compatibility/contact-form-7.min5b3c.css]
[localhost/francist/wp-content/plugins/social-icons-widget-by-wpzoom/assets/font/socicon.eot]
[localhost/francist/wp-content/plugins/social-icons-widget-by-wpzoom/assets/font/socicon.ttf]
[localhost/francist/wp-content/plugins/social-icons-widget-by-wpzoom/assets/font/socicon.woff]
[localhost/francist/wp-content/plugins/social-icons-widget-by-wpzoom/assets/css/socicona2cc.css]
[localhost/francist/wp-content/plugins/social-icons-widget-by-wpzoom/assets/font/Genericons.eot]
[localhost/francist/wp-content/plugins/social-icons-widget-by-wpzoom/assets/font/Genericons.ttf]
[localhost/francist/wp-content/plugins/social-icons-widget-by-wpzoom/assets/css/genericonsad98.css]
[localhost/francist/wp-content/plugins/social-icons-widget-by-wpzoom/assets/font/fontawesome-webfont3e6e.eot]
[localhost/francist/wp-content/plugins/social-icons-widget-by-wpzoom/assets/font/Genericonsd41d.eot]
[localhost/francist/wp-content/plugins/social-icons-widget-by-wpzoom/assets/font/fontawesome-webfontd41d.eot]
[localhost/francist/wp-content/plugins/social-icons-widget-by-wpzoom/assets/font/fontawesome-webfont3e6e.woff2]
[localhost/francist/wp-content/plugins/social-icons-widget-by-wpzoom/assets/font/fontawesome-webfont3e6e.woff]
[localhost/francist/wp-content/plugins/social-icons-widget-by-wpzoom/assets/font/fontawesome-webfont3e6e.ttf]
[localhost/francist/wp-content/plugins/social-icons-widget-by-wpzoom/assets/css/font-awesome.minad98.css]
[localhost/francist/wp-includes/fonts/dashicons.eot]
[localhost/francist/wp-includes/css/dashicons.min5010.css]
[localhost/francist/wp-content/plugins/elementor/assets/lib/eicons/fonts/eicons1df9.eot]
[localhost/francist/wp-content/plugins/elementor/assets/lib/eicons/fonts/eicons1df9.woff2]
[localhost/francist/wp-content/plugins/elementor/assets/lib/eicons/fonts/eicons1df9.woff]
[localhost/francist/wp-content/plugins/elementor/assets/lib/eicons/fonts/eicons1df9.ttf]
[localhost/francist/wp-content/plugins/elementor/assets/lib/eicons/css/elementor-icons.min9e95.css]
[localhost/francist/wp-content/plugins/js_composer/assets/lib/bower/font-awesome/fonts/fontawesome-webfont3295.eot]
[localhost/francist/wp-content/plugins/js_composer/assets/lib/bower/font-awesome/fonts/fontawesome-webfontd41d.eot]
[localhost/francist/wp-content/plugins/js_composer/assets/lib/bower/font-awesome/fonts/fontawesome-webfont3295.woff2]
[localhost/francist/wp-content/plugins/js_composer/assets/lib/bower/font-awesome/fonts/fontawesome-webfont3295.woff]
[localhost/francist/wp-content/plugins/js_composer/assets/lib/bower/font-awesome/fonts/fontawesome-webfont3295.ttf]
[localhost/francist/wp-content/plugins/js_composer/assets/lib/bower/font-awesome/css/font-awesome.mina752.css]
[localhost/francist/wp-content/plugins/elementor/assets/lib/animations/animations.min3601.css]
[localhost/francist/wp-content/plugins/elementor/assets/css/frontend.min3601.css]
[localhost/francist/wp-content/uploads/elementor/css/global18b4.css]
[localhost/francist/wp-content/uploads/elementor/css/post-352c08.css]
[localhost/francist/wp-json/oembed/1.0/embed1eb9.json]
[localhost/francist/wp-json/oembed/1.0/embed56d3]
[localhost/francist/profile/index.html]
[localhost/francist/wp-json/oembed/1.0/embed998e.json]
[localhost/francist/wp-json/oembed/1.0/embed66b7]
[localhost/francist/experience/index.html]
[localhost/francist/wp-json/oembed/1.0/embed5b60.json]
[localhost/francist/wp-json/oembed/1.0/embedffff]
[localhost/francist/professional-skills-and-key-competencies/index.html]
[localhost/francist/wp-json/oembed/1.0/embed4eec.json]
[localhost/francist/wp-json/oembed/1.0/embedcc46]
[localhost/francist/key-competencies/index.html]
[localhost/francist/wp-json/oembed/1.0/embed91b3.json]
[localhost/francist/wp-json/oembed/1.0/embed28e7]
[localhost/francist/contact-address/index.html]
[localhost/francist/wp-content/plugins/js_composer/assets/js/dist/js_composer_front.mina752.js]
[localhost/francist/wp-content/plugins/social-icons-widget-by-wpzoom/assets/font/socicon.svg]
[localhost/francist/wp-content/plugins/social-icons-widget-by-wpzoom/assets/font/Genericons.svg]
[localhost/francist/wp-content/plugins/social-icons-widget-by-wpzoom/assets/font/fontawesome-webfont3e6e.svg]
[localhost/francist/wp-content/plugins/elementor/assets/lib/eicons/fonts/eicons1df9.svg]
[localhost/francist/wp-content/plugins/js_composer/assets/lib/bower/font-awesome/fonts/fontawesome-webfont3295.svg]
[localhost/francist/wp-content/uploads/elementor/css/post-412bd1.css]
[localhost/francist/indexcbb6.html]
[localhost/francist/wp-content/uploads/elementor/css/post-231113.css]
[localhost/francist/index40a0.html]
[localhost/francist/wp-content/uploads/elementor/css/post-1104b8b.css]
[localhost/francist/index5f87.html]
[localhost/francist/wp-content/uploads/elementor/css/post-114e9a2.css]
[localhost/francist/index30a5.html]
[localhost/francist/wp-content/plugins/js_composer/assets/vc/alert.png]
[localhost/francist/wp-content/plugins/js_composer/assets/vc/info.png]
[localhost/francist/wp-content/plugins/js_composer/assets/vc/tick.png]
[localhost/francist/wp-content/plugins/js_composer/assets/vc/exclamation.png]
[localhost/francist/wp-content/plugins/js_composer/assets/images/icons/address-book.png]
[localhost/francist/wp-content/plugins/js_composer/assets/images/icons/alarm-clock.png]
[localhost/francist/wp-content/plugins/js_composer/assets/images/icons/anchor.png]
[localhost/francist/wp-content/plugins/js_composer/assets/images/icons/application-image.png]
[localhost/francist/wp-content/plugins/js_composer/assets/images/icons/arrow.png]
[localhost/francist/wp-content/plugins/js_composer/assets/images/icons/asterisk.png]
[localhost/francist/wp-content/plugins/js_composer/assets/images/icons/auction-hammer.png]
[localhost/francist/wp-content/plugins/js_composer/assets/images/icons/balloon.png]
[localhost/francist/wp-content/plugins/js_composer/assets/images/icons/balloon-buzz.png]
[localhost/francist/wp-content/plugins/js_composer/assets/images/icons/balloon-facebook.png]
[localhost/francist/wp-content/plugins/js_composer/assets/images/icons/balloon-twitter.png]
[localhost/francist/wp-content/plugins/js_composer/assets/images/icons/battery-full.png]
[localhost/francist/wp-content/plugins/js_composer/assets/images/icons/binocular.png]
[localhost/francist/wp-content/plugins/js_composer/assets/images/icons/blue-document-excel.png]
[localhost/francist/wp-content/plugins/js_composer/assets/images/icons/blue-document-image.png]
[localhost/francist/wp-content/plugins/js_composer/assets/images/icons/blue-document-music.png]
[localhost/francist/wp-content/plugins/js_composer/assets/images/icons/blue-document-office.png]
[localhost/francist/wp-content/plugins/js_composer/assets/images/icons/blue-document-pdf.png]
[localhost/francist/wp-content/plugins/js_composer/assets/images/icons/blue-document-powerpoint.png]
[localhost/francist/wp-content/plugins/js_composer/assets/images/icons/blue-document-word.png]
[localhost/francist/wp-content/plugins/js_composer/assets/images/icons/bookmark.png]
[localhost/francist/wp-content/plugins/js_composer/assets/images/icons/camcorder.png]
[localhost/francist/wp-content/plugins/js_composer/assets/images/icons/camera.png]
[localhost/francist/wp-content/plugins/js_composer/assets/images/icons/chart.png]
[localhost/francist/wp-content/plugins/js_composer/assets/images/icons/chart-pie.png]
[localhost/francist/wp-content/plugins/js_composer/assets/images/icons/clock.png]
[localhost/francist/wp-content/plugins/js_composer/assets/images/icons/control.png]
[localhost/francist/wp-content/plugins/js_composer/assets/images/icons/fire.png]
[localhost/francist/wp-content/plugins/js_composer/assets/images/icons/heart.png]
[localhost/francist/wp-content/plugins/js_composer/assets/images/icons/mail.png]
[localhost/francist/wp-content/plugins/js_composer/assets/images/icons/plus-shield.png]
[localhost/francist/wp-content/plugins/js_composer/assets/images/icons/video.png]
[localhost/francist/wp-content/plugins/js_composer/assets/images/toggle_open.png]
[localhost/francist/wp-content/plugins/js_composer/assets/images/toggle_close.png]
[localhost/francist/wp-content/plugins/js_composer/assets/images/flickr.png]
[localhost/francist/wp-content/plugins/js_composer/assets/fonts/vc_grid/vc_grid_v157a1.eot]
[localhost/francist/wp-content/plugins/js_composer/assets/fonts/vc_grid/vc_grid_v1d41d.eot]
[localhost/francist/wp-content/plugins/js_composer/assets/fonts/vc_grid/vc_grid_v157a1.woff]
[localhost/francist/wp-content/plugins/js_composer/assets/fonts/vc_grid/vc_grid_v157a1.ttf]
[localhost/francist/wp-content/plugins/js_composer/assets/css/js_composer.mina752.css]
[localhost/francist/index970c.html]
[localhost/francist/wp-content/plugins/js_composer/assets/fonts/vc_grid/vc_grid_v157a1.svg]
